// Jest Snapshot v1, https://goo.gl/fbAQLP

exports[`Movie should match the snapshot 1`] = `
<section
  className="movie"
>
  <h2
    className="title"
  />
  <hr />
  <h3>
    OUT ON: 
  </h3>
  <p>
    AVG. RATING: 
    4.00
  </p>
  <hr />
  <div
    className="rating"
  >
    <p>
      Add your rating
    </p>
    <form>
      <select
        onChange={[Function]}
      >
        <option
          value={1}
        >
          1
        </option>
        <option
          value={2}
        >
          2
        </option>
        <option
          value={3}
        >
          3
        </option>
        <option
          value={4}
        >
          4
        </option>
        <option
          value={5}
        >
          5
        </option>
        <option
          value={6}
        >
          6
        </option>
        <option
          value={7}
        >
          7
        </option>
        <option
          value={8}
        >
          8
        </option>
        <option
          value={9}
        >
          9
        </option>
        <option
          value={10}
        >
          10
        </option>
      </select>
      <button
        onClick={[Function]}
        type="button"
      >
        SUBMIT
      </button>
    </form>
  </div>
  <img
    className="back-ground"
  />
  <section
    className="movie-info"
  >
    <img
      className="main-img"
    />
    <div
      className="overview-rating"
    >
      <p />
    </div>
  </section>
</section>
`;
