// Jest Snapshot v1, https://goo.gl/fbAQLP

exports[`Movie should match the snapshot 1`] = `
<section
  className="movie"
>
  <h2
    className="title"
  />
  <h3>
    Out on: 
  </h3>
  <p>
    Avg. rating: 
  </p>
  <img
    className="back-ground"
  />
  <section
    className="movie-info"
  >
    <img
      className="main-img"
    />
    <div
      className="overview-rating"
    >
      <p />
      <div
        className="rating"
      >
        <p>
           Add your rating 
        </p>
      </div>
    </div>
  </section>
</section>
`;
